2026-09-21T09:04:45.0281938Z State: Starting, Action: EstablishingSiteNetworks, LastError: , LastErrorTimestamp: 01/01/0001 00:00:00, LastErrorDetails: , Details: , DetailsLevel: INFO
2026-09-21T09:04:45.0281683Z State: Starting, Action: EstablishingSiteNetworks, LastError: , LastErrorTimestamp: 01/01/0001 00:00:00, LastErrorDetails: , Details: , DetailsLevel: INFO
2026-09-21T09:04:49.3471889Z State: Starting, Action: StartingSiteContainers, LastError: , LastErrorTimestamp: 01/01/0001 00:00:00, LastErrorDetails: , Details: , DetailsLevel: INFO
2026-09-21T09:04:49.3472024Z State: Starting, Action: StartingSiteContainers, LastError: , LastErrorTimestamp: 01/01/0001 00:00:00, LastErrorDetails: , Details: , DetailsLevel: INFO
2026-09-21T09:04:49.3575518Z State: Starting, Action: PullingImage, LastError: , LastErrorTimestamp: 01/01/0001 00:00:00, LastErrorDetails: , Details: Pulling image docker.io/kamalhussain611/breast-cancer-app:901d0f26ce0a514039ee4a74f9a03c8d19489c53 for breast-cancer-classfication-system_main., DetailsLevel: INFO
2026-09-21T09:04:49.3585753Z Establishing network.
2026-09-21T09:04:49.3589470Z Pulling image: kamalhussain611/breast-cancer-app:901d0f26ce0a514039ee4a74f9a03c8d19489c53.
2026-09-21T09:04:49.3903562Z Container start method called.
2026-09-21T09:04:49.4373269Z State: Starting, Action: PullingImage, LastError: , LastErrorTimestamp: 01/01/0001 00:00:00, LastErrorDetails: , Details: Pulling image docker.io/library/mysql:8.0 for breast-cancer-classfication-system_mysql., DetailsLevel: INFO
2026-09-21T09:04:49.4374737Z Establishing network.
2026-09-21T09:04:49.4375366Z Pulling image: docker.io/library/mysql:8.0.
2026-09-21T09:04:53.9037017Z State: Starting, Action: MountingVolumes, LastError: , LastErrorTimestamp: 01/01/0001 00:00:00, LastErrorDetails: , Details: Mounting volumes for breast-cancer-classfication-system_main., DetailsLevel: INFO
2026-09-21T09:04:53.9029504Z Container is starting.
2026-09-21T09:04:53.9036938Z State: Starting, Action: MountingVolumes, LastError: , LastErrorTimestamp: 01/01/0001 00:00:00, LastErrorDetails: , Details: Mounting volumes for breast-cancer-classfication-system_main., DetailsLevel: INFO
2026-09-21T09:04:53.9038015Z Establishing user namespace if not established already.
2026-09-21T09:04:53.9045549Z Establishing network if not established already.
2026-09-21T09:04:53.9046651Z Mounting volumes.
2026-09-21T09:04:53.9048508Z Nested mountpoint volatile/logs
2026-09-21T09:04:53.9233869Z Nested mountpoint 
2026-09-21T09:04:53.9547038Z Nested mountpoint 
2026-09-21T09:04:53.9550775Z Nested mountpoint 
2026-09-21T09:04:54.2368693Z State: Starting, Action: CreatingContainer, LastError: , LastErrorTimestamp: 01/01/0001 00:00:00, LastErrorDetails: , Details: Finished pulling container image and mounting volumes for breast-cancer-classfication-system_main. Allocatinng the rest of the container resources to finish container creation., DetailsLevel: INFO
2026-09-21T09:04:54.2368781Z State: Starting, Act2026-09-21T09:04:54.2369595Z Creating pipes for streaming container io.
0:00, LastErrorDetails: , Details: Finished pulling container image and mounting volumes for breast-cancer-classfication-system_main. Allocatinng the rest of the container resources to finish container creation., DetailsLevel: INFO
2026-09-21T09:04:54.2369937Z Creating stdout named pipe at /podr/container/pipe/355582b2cffb_breast-cancer-classfication-system_main/stdout_9e1cfa2bc77b4ee69e0da6e09e2e2cce.
2026-09-21T09:04:54.2451276Z Successfully created stdout named pipe at: /podr/container/pipe/355582b2cffb_breast-cancer-classfication-system_main/stdout_9e1cfa2bc77b4ee69e0da6e09e2e2cce.
2026-09-21T09:04:54.2451823Z Opening named pipe /podr/container/pipe/355582b2cffb_breast-cancer-classfication-system_main/stdout_9e1cfa2bc77b4ee69e0da6e09e2e2cce for reading in non-blocking mode.
2026-09-21T09:04:54.2972855Z Container is starting.
ed pipe: /podr/container/pipe/355582b2cffb_breast-cancer-classfication-system_main/stdout_9e1cfa2bc77b4ee69e0da6e09e2e2cce.
2026-09-21T09:04:54.2973489Z State: Starting, Action: MountingVolumes, LastError: , LastErrorTimestamp: 01/01/0001 00:00:00, LastErrorDetails: , Details: Mounting volumes for breast-cancer-classfication-system_mysql., DetailsLevel: INFO
2026-09-21T09:04:54.2973909Z Establishing user namespace if not established already.
2b2cffb_breast-cancer-classfication-system_main/stderr_22ad3dabdd944e1aa413d38d47e296e8.
2026-09-21T09:04:54.2454202Z Successfully created stderr named pipe at: /podr/container/pipe/355582b2cffb_breast-cancer-classfication-system_main/stderr_22ad3dabdd944e1aa413d38d47e296e8.
2026-09-21T09:04:54.2454535Z Opening named pipe /podr/container/pipe/355582b2cffb_breast-cancer-classfication-system_main/stderr_22ad3dabdd944e1aa413d38d47e296e8 for reading in non-blocking mode.
2026-09-21T09:04:54.2975351Z Nested mountpoint 
 named pipe: /podr/container/pipe/355582b2cffb_breast-cancer-classfication-system_main/stderr_22ad3dabdd944e1aa413d38d47e296e8.
2026-09-21T09:04:54.2455300Z Successfully remove2026-09-21T09:04:54.3776092Z State: Starting, Action: CreatingContainer, LastError: , LastErrorTimestamp: 01/01/0001 00:00:00, LastErrorDeta2026-09-21T09:04:54.2455784Z Creating container with image: kamalhussain611/breast-cancer-app:901d0f26ce0a514039ee4a74f9a03c8d19489c53 from registry: docker.io and fully qualified image name: docker.io/kamalhussain2026-09-21T09:04:54.3776446Z Creating container.
03c8d19489c53
2026-09-21T09:04:54.2973460Z State: Starting, Action: MountingVolumes, LastError: , LastErrorTimestamp: 01/01/0001 00:00:00, LastErrorDetails: , Details: Mounting volumes for breast-cancer-classfication-system_mysql., DetailsLevel: INFO
2026-09-21T09:04:54.3776781Z Creating pipes for streaming container io.
 LastError: , LastErrorTimestamp: 01/01/0001 00:00:00, LastErrorDetails: , Details: Finished pulling container image and mounting volumes for breast-cancer-classfication-system_mysql. Allocatinng the rest of the container resources to finish container creation., DetailsLevel: INFO
2026-09-21T09:04:54.3777167Z Creating stdout named pipe at /podr/container/pipe/8bda759913c8_breast-cancer-classfication-system_mysql/stdout_93313d7c23754d07b0b7f65b7c375a16.
2026-09-21T09:04:54.4775817Z Successfully created stdout named pipe at: /podr/container/pipe/8bda759913c8_breast-cancer-classfication-system_mysql/stdout_93313d7c23754d07b0b7f65b7c375a16.
2026-09-21T09:04:54.5283881Z Opening named pipe /podr/container/pipe/8bda759913c8_breast-cancer-classfication-system_mysql/stdout_93313d7c23754d07b0b7f65b7c375a16 for reading in non-blocking mode.
2026-09-21T09:04:54.5574657Z Successfully opened named pipe: /podr/container/pipe/8bda759913c8_breast-cancer-classfication-system_mysql/stdout_93313d7c23754d07b0b7f65b7c375a16.
2026-09-21T09:04:54.5577407Z Successfully removed non-blocking flag from /podr/container/pipe/8bda759913c8_breast-cancer-classfication-system_mysql/stdout_93313d7c23754d07b0b7f65b7c375a16.
2026-09-21T09:04:54.5583543Z Creating stderr named pipe at /podr/container/pipe/8bda759913c8_breast-cancer-classfication-system_mysql/stderr_65e6ea17c62d4213a0d02231d38b8f49.
2026-09-21T09:04:54.5682745Z Successfully created stderr named pipe at: /podr/container/pipe/8bda759913c8_breast-cancer-classfication-system_mysql/stderr_65e6ea17c62d4213a0d02231d38b8f49.
2026-09-21T09:04:54.5968969Z Opening named pipe /podr/container/pipe/8bda759913c8_breast-cancer-classfication-system_mysql/stderr_65e6ea17c62d4213a0d02231d38b8f49 for reading in non-blocking mode.
2026-09-21T09:04:54.5969970Z Successfully opened named pipe: /podr/container/pipe/8bda759913c8_breast-cancer-classfication-system_mysql/stderr_65e6ea17c62d4213a0d02231d38b8f49.
2026-09-21T09:04:54.5970372Z Successfully removed non-blocking flag from /podr/container/pipe/8bda759913c8_breast-cancer-classfication-system_mysql/stderr_65e6ea17c62d4213a0d02231d38b8f49.
2026-09-21T09:04:54.5971024Z Creating container with image: docker.io/library/mysql:8.0 from registry: docker.io and fully qualified image name: docker.io/library/mysql:8.0
2026-09-21T09:04:56.5474960Z Starting container: 355582b2cffb_breast-cancer-classfication-system_main.
2026-09-21T09:04:56.7388115Z State: Starting, Action: CreatingContainer, LastError: , LastErrorTimestamp: 01/01/0001 00:00:00, LastErrorDetails: , Details: Container breast-cancer-classfication-system_main successfully created and is running., DetailsLevel: INFO
2026-09-21T09:04:56.7385630Z Starting metrics collection.
2026-09-21T09:04:56.7387220Z Container is running.
2026-09-21T09:04:56.7388092Z State: Starting, Action: CreatingContainer, LastError: , LastErrorTimestamp: 01/01/0001 00:00:00, LastErrorDetails: , Details: Container breast-cancer-classfication-system_main successfully created and is running., DetailsLevel: INFO
2026-09-21T09:04:56.9408313Z Container start method finished after 7593 ms.
2026-09-21T09:04:57.3429435Z Starting container: 8bda759913c8_breast-cancer-classfication-system_mysql.
2026-09-21T09:04:57.5138156Z Starting watchers and probes.
2026-09-21T09:04:57.5143899Z Starting metrics collection.
2026-09-21T09:04:57.5417199Z Container is running.
2026-09-21T09:04:57.5418627Z State: Starting, Action: CreatingContainer, LastError: , LastErrorTimestamp: 01/01/0001 00:00:00, LastErrorDetails: , Details: Container breast-cancer-classfication-system_mysql successfully created and is running., DetailsLevel: INFO
2026-09-21T09:04:57.5418563Z State: Starting, Action: CreatingContainer, LastError: , LastErrorTimestamp: 01/01/0001 00:00:00, LastErrorDetails: , Details: Container breast-cancer-classfication-system_mysql successfully created and is running., DetailsLevel: INFO
2026-09-21T09:04:57.6128552Z Container start method finished after 8222 ms.
2026-09-21T09:04:57.6221843Z State: Starting, Action: InitiatingSiteWarmUpProbe, LastError: , LastErrorTimestamp: 01/01/0001 00:00:00, LastErrorDetails: , Details: Container breast-cancer-classfication-system_mysql successfully created and is running., DetailsLevel: INFO
2026-09-21T09:04:57.6528329Z State: Starting, Action: WaitingForSiteWarmUpProbeSuccess, LastError: , LastErrorTimestamp: 01/01/0001 00:00:00, LastErrorDetails: , Details: Pinging warmup path to ensure container is ready to receive requests., DetailsLevel: INFO
2026-09-21T09:04:57.6221756Z State: Starting, Action: InitiatingSiteWarmUpProbe, LastError: , LastErrorTimestamp: 01/01/0001 00:00:00, LastErrorDetails: , Details: Container breast-cancer-classfication-system_mysql successfully created and is running., DetailsLevel: INFO
2026-09-21T09:04:57.6528264Z State: Starting, Action: WaitingForSiteWarmUpProbeSuccess, LastError: , LastErrorTimestamp: 01/01/0001 00:00:00, LastErrorDetails: , Details: Pinging warmup path to ensure container is ready to receive requests., DetailsLevel: INFO
