2026-09-23T22:00:06.4648665Z [2026-09-23 22:00:06,454] ERROR in app: Exception on /login [POST]
2026-09-23T22:00:06.4649019Z Traceback (most recent call last):
2026-09-23T22:00:06.4649045Z   File "/root/.local/lib/python3.9/site-packages/flask/app.py", line 1511, in wsgi_app
2026-09-23T22:00:06.4649067Z     response = self.full_dispatch_request()
2026-09-23T22:00:06.4649086Z   File "/root/.local/lib/python3.9/site-packages/flask/app.py", line 919, in full_dispatch_request
2026-09-23T22:00:06.4649160Z     rv = self.handle_user_exception(e)
2026-09-23T22:00:06.4649180Z   File "/root/.local/lib/python3.9/site-packages/flask/app.py", line 917, in full_dispatch_request
2026-09-23T22:00:06.4649195Z     rv = self.dispatch_request()
2026-09-23T22:00:06.4649214Z   File "/root/.local/lib/python3.9/site-packages/flask/app.py", line 902, in dispatch_request
2026-09-23T22:00:06.4649234Z     return self.ensure_sync(self.view_functions[rule.endpoint])(**view_args)  # type: ignore[no-any-return]
2026-09-23T22:00:06.4649250Z   File "/app/app.py", line 221, in login
2026-09-23T22:00:06.4649265Z     cur = mysql.connection.cursor()
2026-09-23T22:00:06.4649283Z   File "/root/.local/lib/python3.9/site-packages/flask_mysqldb/__init__.py", line 109, in connection
2026-09-23T22:00:06.4649298Z     ctx.mysql_db = self.connect
2026-09-23T22:00:06.4649316Z   File "/root/.local/lib/python3.9/site-packages/flask_mysqldb/__init__.py", line 97, in connect
2026-09-23T22:00:06.4649331Z     return MySQLdb.connect(**kwargs)
2026-09-23T22:00:06.4649348Z   File "/root/.local/lib/python3.9/site-packages/MySQLdb/__init__.py", line 121, in Connect
2026-09-23T22:00:06.4649383Z     return Connection(*args, **kwargs)
2026-09-23T22:00:06.4649401Z   File "/root/.local/lib/python3.9/site-packages/MySQLdb/connections.py", line 200, in __init__
2026-09-23T22:00:06.4649416Z     super().__init__(*args, **kwargs2)
2026-09-23T22:00:06.4649433Z MySQLdb.OperationalError: (2002, "Can't connect to server on '127.0.0.1' (115)")
