========== New Cold Start Attempt (2026-09-21T08:59:42.2928570+00:00) ==========
2026-09-21T08:59:42.2928570+00:00 ContainerStatus: State: Starting, Action: EstablishingSiteNetworks, LastError: ContainerStartupFailure, LastErrorTimestamp: 09/21/2026 08:45:06, LastErrorDetails: The container did not complete startup successfully. Please inspect your container logs for more details., Details: Site is blocked due to multiple, consecutive cold start failures. Site scheduled to be unblocked at 09/21/2026 08:46:13, DetailsLevel: WARN
2026-09-21T08:59:42.2928829+00:00 ContainerStatus: State: Starting, Action: EstablishingSiteNetworks, LastError: ContainerStartupFailure, LastErrorTimestamp: 09/21/2026 08:45:06, LastErrorDetails: The container did not complete startup successfully. Please inspect your container logs for more details., Details: Site is blocked due to multiple, consecutive cold start failures. Site scheduled to be unblocked at 09/21/2026 08:46:13, DetailsLevel: WARN
2026-09-21T08:59:44.3127692+00:00 ContainerStatus: State: Starting, Action: StartingSiteContainers, LastError: ContainerStartupFailure, LastErrorTimestamp: 09/21/2026 08:45:06, LastErrorDetails: The container did not complete startup successfully. Please inspect your container logs for more details., Details: Site is blocked due to multiple, consecutive cold start failures. Site scheduled to be unblocked at 09/21/2026 08:46:13, DetailsLevel: WARN
2026-09-21T08:59:44.3127843+00:00 ContainerStatus: State: Starting, Action: StartingSiteContainers, LastError: ContainerStartupFailure, LastErrorTimestamp: 09/21/2026 08:45:06, LastErrorDetails: The container did not complete startup successfully. Please inspect your container logs for more details., Details: Site is blocked due to multiple, consecutive cold start failures. Site scheduled to be unblocked at 09/21/2026 08:46:13, DetailsLevel: WARN
2026-09-21T08:59:44.3131465+00:00 ContainerStatus: Container start method called.
2026-09-21T08:59:44.3132297+00:00 ContainerStatus: State: Starting, Action: PullingImage, LastError: ContainerStartupFailure, LastErrorTimestamp: 09/21/2026 08:45:06, LastErrorDetails: The container did not complete startup successfully. Please inspect your container logs for more details., Details: Pulling image docker.io/kamalhussain611/breast-cancer-app:901d0f26ce0a514039ee4a74f9a03c8d19489c53 for breast-cancer-classfication-system_main., DetailsLevel: INFO
2026-09-21T08:59:44.3132317+00:00 ContainerStatus: State: Starting, Action: PullingImage, LastError: ContainerStartupFailure, LastErrorTimestamp: 09/21/2026 08:45:06, LastErrorDetails: The container did not complete startup successfully. Please inspect your container logs for more details., Details: Pulling image docker.io/kamalhussain611/breast-cancer-app:901d0f26ce0a514039ee4a74f9a03c8d19489c53 for breast-cancer-classfication-system_main., DetailsLevel: INFO
2026-09-21T08:59:44.3134477+00:00 ContainerStatus: Establishing network.
2026-09-21T08:59:44.3210250+00:00 ContainerStatus: Pulling image: kamalhussain611/breast-cancer-app:901d0f26ce0a514039ee4a74f9a03c8d19489c53.
2026-09-21T08:59:44.3216315+00:00 ContainerStatus: Container start method called.
2026-09-21T08:59:44.3217000+00:00 ContainerStatus: State: Starting, Action: PullingImage, LastError: ContainerStartupFailure, LastErrorTimestamp: 09/21/2026 08:45:06, LastErrorDetails: The container did not complete startup successfully. Please inspect your container logs for more details., Details: Pulling image docker.io/library/mysql:8.0 for breast-cancer-classfication-system_mysql., DetailsLevel: INFO
2026-09-21T08:59:44.3217023+00:00 ContainerStatus: State: Starting, Action: PullingImage, LastError: ContainerStartupFailure, LastErrorTimestamp: 09/21/2026 08:45:06, LastErrorDetails: The container did not complete startup successfully. Please inspect your container logs for more details., Details: Pulling image docker.io/library/mysql:8.0 for breast-cancer-classfication-system_mysql., DetailsLevel: INFO
2026-09-21T08:59:44.3217860+00:00 ContainerStatus: Establishing network.
2026-09-21T08:59:44.3224188+00:00 ContainerStatus: Pulling image: docker.io/library/mysql:8.0.
2026-09-21T08:59:46.9953265+00:00 ContainerStatus: Container is starting.
2026-09-21T08:59:47.0023136+00:00 ContainerStatus: State: Starting, Action: MountingVolumes, LastError: ContainerStartupFailure, LastErrorTimestamp: 09/21/2026 08:45:06, LastErrorDetails: The container did not complete startup successfully. Please inspect your container logs for more details., Details: Mounting volumes for breast-cancer-classfication-system_main., DetailsLevel: INFO
2026-09-21T08:59:47.0023238+00:00 ContainerStatus: State: Starting, Action: MountingVolumes, LastError: ContainerStartupFailure, LastErrorTimestamp: 09/21/2026 08:45:06, LastErrorDetails: The container did not complete startup successfully. Please inspect your container logs for more details., Details: Mounting volumes for breast-cancer-classfication-system_main., DetailsLevel: INFO
2026-09-21T08:59:47.0025935+00:00 ContainerStatus: Establishing user namespace if not established already.
2026-09-21T08:59:47.0029254+00:00 ContainerStatus: Establishing network if not established already.
2026-09-21T08:59:47.0033661+00:00 ContainerStatus: Mounting volumes.
2026-09-21T08:59:47.0037377+00:00 ContainerStatus: Nested mountpoint volatile/logs
2026-09-21T08:59:47.0158381+00:00 ContainerStatus: Nested mountpoint 
2026-09-21T08:59:47.1559199+00:00 ContainerStatus: Nested mountpoint 
2026-09-21T08:59:47.1849183+00:00 ContainerStatus: Nested mountpoint 
2026-09-21T08:59:47.2356950+00:00 ContainerStatus: State: Starting, Action: CreatingContainer, LastError: ContainerStartupFailure, LastErrorTimestamp: 09/21/2026 08:45:06, LastErrorDetails: The container did not complete startup successfully. Please inspect your container logs for more details., Details: Finished pulling container image and mounting volumes for breast-cancer-classfication-system_main. Allocatinng the rest of the container resources to finish container creation., DetailsLevel: INFO
2026-09-21T08:59:47.2357085+00:00 ContainerStatus: State: Starting, Action: CreatingContainer, LastError: ContainerStartupFailure, LastErrorTimestamp: 09/21/2026 08:45:06, LastErrorDetails: The container did not complete startup successfully. Please inspect your container logs for more details., Details: Finished pulling container image and mounting volumes for breast-cancer-classfication-system_main. Allocatinng the rest of the container resources to finish container creation., DetailsLevel: INFO
2026-09-21T08:59:47.2357787+00:00 ContainerStatus: Creating container.
2026-09-21T08:59:47.2949701+00:00 ContainerStatus: Creating pipes for streaming container io.
2026-09-21T08:59:47.2953514+00:00 ContainerStatus: Creating stdout named pipe at /podr/container/pipe/763a88986185_breast-cancer-classfication-system_main/stdout_481a4e91bd58428a9c84524717eb6cf3.
2026-09-21T08:59:47.3047171+00:00 ContainerStatus: Successfully created stdout named pipe at: /podr/container/pipe/763a88986185_breast-cancer-classfication-system_main/stdout_481a4e91bd58428a9c84524717eb6cf3.
2026-09-21T08:59:47.3048978+00:00 ContainerStatus: Opening named pipe /podr/container/pipe/763a88986185_breast-cancer-classfication-system_main/stdout_481a4e91bd58428a9c84524717eb6cf3 for reading in non-blocking mode.
2026-09-21T08:59:47.3050337+00:00 ContainerStatus: Successfully opened named pipe: /podr/container/pipe/763a88986185_breast-cancer-classfication-system_main/stdout_481a4e91bd58428a9c84524717eb6cf3.
2026-09-21T08:59:47.3051099+00:00 ContainerStatus: Successfully removed non-blocking flag from /podr/container/pipe/763a88986185_breast-cancer-classfication-system_main/stdout_481a4e91bd58428a9c84524717eb6cf3.
2026-09-21T08:59:47.3062473+00:00 ContainerStatus: Creating stderr named pipe at /podr/container/pipe/763a88986185_breast-cancer-classfication-system_main/stderr_568793b0791141e7ab05b018d8d464e8.
2026-09-21T08:59:47.3152156+00:00 ContainerStatus: Successfully created stderr named pipe at: /podr/container/pipe/763a88986185_breast-cancer-classfication-system_main/stderr_568793b0791141e7ab05b018d8d464e8.
2026-09-21T08:59:47.3153365+00:00 ContainerStatus: Opening named pipe /podr/container/pipe/763a88986185_breast-cancer-classfication-system_main/stderr_568793b0791141e7ab05b018d8d464e8 for reading in non-blocking mode.
2026-09-21T08:59:47.3154262+00:00 ContainerStatus: Successfully opened named pipe: /podr/container/pipe/763a88986185_breast-cancer-classfication-system_main/stderr_568793b0791141e7ab05b018d8d464e8.
2026-09-21T08:59:47.3159183+00:00 ContainerStatus: Successfully removed non-blocking flag from /podr/container/pipe/763a88986185_breast-cancer-classfication-system_main/stderr_568793b0791141e7ab05b018d8d464e8.
2026-09-21T08:59:47.3162912+00:00 ContainerStatus: Creating container with image: kamalhussain611/breast-cancer-app:901d0f26ce0a514039ee4a74f9a03c8d19489c53 from registry: docker.io and fully qualified image name: docker.io/kamalhussain611/breast-cancer-app:901d0f26ce0a514039ee4a74f9a03c8d19489c53
2026-09-21T08:59:47.3954471+00:00 ContainerStatus: Container is starting.
2026-09-21T08:59:47.3954992+00:00 ContainerStatus: State: Starting, Action: MountingVolumes, LastError: ContainerStartupFailure, LastErrorTimestamp: 09/21/2026 08:45:06, LastErrorDetails: The container did not complete startup successfully. Please inspect your container logs for more details., Details: Mounting volumes for breast-cancer-classfication-system_mysql., DetailsLevel: INFO
2026-09-21T08:59:47.3955022+00:00 ContainerStatus: State: Starting, Action: MountingVolumes, LastError: ContainerStartupFailure, LastErrorTimestamp: 09/21/2026 08:45:06, LastErrorDetails: The container did not complete startup successfully. Please inspect your container logs for more details., Details: Mounting volumes for breast-cancer-classfication-system_mysql., DetailsLevel: INFO
2026-09-21T08:59:47.3955365+00:00 ContainerStatus: Establishing user namespace if not established already.
2026-09-21T08:59:47.3955703+00:00 ContainerStatus: Establishing network if not established already.
2026-09-21T08:59:47.3956192+00:00 ContainerStatus: Mounting volumes.
2026-09-21T08:59:47.3956753+00:00 ContainerStatus: Nested mountpoint 
2026-09-21T08:59:47.4156130+00:00 ContainerStatus: Nested mountpoint 
2026-09-21T08:59:47.4175232+00:00 ContainerStatus: State: Starting, Action: CreatingContainer, LastError: ContainerStartupFailure, LastErrorTimestamp: 09/21/2026 08:45:06, LastErrorDetails: The container did not complete startup successfully. Please inspect your container logs for more details., Details: Finished pulling container image and mounting volumes for breast-cancer-classfication-system_mysql. Allocatinng the rest of the container resources to finish container creation., DetailsLevel: INFO
2026-09-21T08:59:47.4175302+00:00 ContainerStatus: State: Starting, Action: CreatingContainer, LastError: ContainerStartupFailure, LastErrorTimestamp: 09/21/2026 08:45:06, LastErrorDetails: The container did not complete startup successfully. Please inspect your container logs for more details., Details: Finished pulling container image and mounting volumes for breast-cancer-classfication-system_mysql. Allocatinng the rest of the container resources to finish container creation., DetailsLevel: INFO
2026-09-21T08:59:47.4177490+00:00 ContainerStatus: Creating container.
2026-09-21T08:59:47.4776748+00:00 ContainerStatus: Creating pipes for streaming container io.
2026-09-21T08:59:47.4777987+00:00 ContainerStatus: Creating stdout named pipe at /podr/container/pipe/0fd198d08395_breast-cancer-classfication-system_mysql/stdout_f8f3975516a94a00b09b27f6c7dfcbbc.
2026-09-21T08:59:47.4868198+00:00 ContainerStatus: Successfully created stdout named pipe at: /podr/container/pipe/0fd198d08395_breast-cancer-classfication-system_mysql/stdout_f8f3975516a94a00b09b27f6c7dfcbbc.
========== New Cold Start Attempt (2026-09-21T08:59:42.2928570+00:00) ==========
2026-09-21T08:59:42.2928570+00:00 ContainerStatus: State: Starting, Action: EstablishingSiteNetworks, LastError: ContainerStartupFailure, LastErrorTimestamp: 09/21/2026 08:45:06, LastErrorDetails: The container did not complete startup successfully. Please inspect your container logs for more details., Details: Site is blocked due to multiple, consecutive cold start failures. Site scheduled to be unblocked at 09/21/2026 08:46:13, DetailsLevel: WARN
2026-09-21T08:59:42.2928829+00:00 ContainerStatus: State: Starting, Action: EstablishingSiteNetworks, LastError: ContainerStartupFailure, LastErrorTimestamp: 09/21/2026 08:45:06, LastErrorDetails: The container did not complete startup successfully. Please inspect your container logs for more details., Details: Site is blocked due to multiple, consecutive cold start failures. Site scheduled to be unblocked at 09/21/2026 08:46:13, DetailsLevel: WARN
2026-09-21T08:59:44.3127692+00:00 ContainerStatus: State: Starting, Action: StartingSiteContainers, LastError: ContainerStartupFailure, LastErrorTimestamp: 09/21/2026 08:45:06, LastErrorDetails: The container did not complete startup successfully. Please inspect your container logs for more details., Details: Site is blocked due to multiple, consecutive cold start failures. Site scheduled to be unblocked at 09/21/2026 08:46:13, DetailsLevel: WARN
2026-09-21T08:59:44.3127843+00:00 ContainerStatus: State: Starting, Action: StartingSiteContainers, LastError: ContainerStartupFailure, LastErrorTimestamp: 09/21/2026 08:45:06, LastErrorDetails: The container did not complete startup successfully. Please inspect your container logs for more details., Details: Site is blocked due to multiple, consecutive cold start failures. Site scheduled to be unblocked at 09/21/2026 08:46:13, DetailsLevel: WARN
2026-09-21T08:59:44.3131465+00:00 ContainerStatus: Container start method called.
2026-09-21T08:59:44.3132297+00:00 ContainerStatus: State: Starting, Action: PullingImage, LastError: ContainerStartupFailure, LastErrorTimestamp: 09/21/2026 08:45:06, LastErrorDetails: The container did not complete startup successfully. Please inspect your container logs for more details., Details: Pulling image docker.io/kamalhussain611/breast-cancer-app:901d0f26ce0a514039ee4a74f9a03c8d19489c53 for breast-cancer-classfication-system_main., DetailsLevel: INFO
2026-09-21T08:59:44.3132317+00:00 ContainerStatus: State: Starting, Action: PullingImage, LastError: ContainerStartupFailure, LastErrorTimestamp: 09/21/2026 08:45:06, LastErrorDetails: The container did not complete startup successfully. Please inspect your container logs for more details., Details: Pulling image docker.io/kamalhussain611/breast-cancer-app:901d0f26ce0a514039ee4a74f9a03c8d19489c53 for breast-cancer-classfication-system_main., DetailsLevel: INFO
2026-09-21T08:59:44.3134477+00:00 ContainerStatus: Establishing network.
2026-09-21T08:59:44.3210250+00:00 ContainerStatus: Pulling image: kamalhussain611/breast-cancer-app:901d0f26ce0a514039ee4a74f9a03c8d19489c53.
2026-09-21T08:59:44.3216315+00:00 ContainerStatus: Container start method called.
2026-09-21T08:59:44.3217000+00:00 ContainerStatus: State: Starting, Action: PullingImage, LastError: ContainerStartupFailure, LastErrorTimestamp: 09/21/2026 08:45:06, LastErrorDetails: The container did not complete startup successfully. Please inspect your container logs for more details., Details: Pulling image docker.io/library/mysql:8.0 for breast-cancer-classfication-system_mysql., DetailsLevel: INFO
2026-09-21T08:59:44.3217023+00:00 ContainerStatus: State: Starting, Action: PullingImage, LastError: ContainerStartupFailure, LastErrorTimestamp: 09/21/2026 08:45:06, LastErrorDetails: The container did not complete startup successfully. Please inspect your container logs for more details., Details: Pulling image docker.io/library/mysql:8.0 for breast-cancer-classfication-system_mysql., DetailsLevel: INFO
2026-09-21T08:59:44.3217860+00:00 ContainerStatus: Establishing network.
2026-09-21T08:59:44.3224188+00:00 ContainerStatus: Pulling image: docker.io/library/mysql:8.0.
2026-09-21T08:59:46.9953265+00:00 ContainerStatus: Container is starting.
2026-09-21T08:59:47.0023136+00:00 ContainerStatus: State: Starting, Action: MountingVolumes, LastError: ContainerStartupFailure, LastErrorTimestamp: 09/21/2026 08:45:06, LastErrorDetails: The container did not complete startup successfully. Please inspect your container logs for more details., Details: Mounting volumes for breast-cancer-classfication-system_main., DetailsLevel: INFO
2026-09-21T08:59:47.0023238+00:00 ContainerStatus: State: Starting, Action: MountingVolumes, LastError: ContainerStartupFailure, LastErrorTimestamp: 09/21/2026 08:45:06, LastErrorDetails: The container did not complete startup successfully. Please inspect your container logs for more details., Details: Mounting volumes for breast-cancer-classfication-system_main., DetailsLevel: INFO
2026-09-21T08:59:47.0025935+00:00 ContainerStatus: Establishing user namespace if not established already.
2026-09-21T08:59:47.0029254+00:00 ContainerStatus: Establishing network if not established already.
2026-09-21T08:59:47.0033661+00:00 ContainerStatus: Mounting volumes.
2026-09-21T08:59:47.0037377+00:00 ContainerStatus: Nested mountpoint volatile/logs
2026-09-21T08:59:47.0158381+00:00 ContainerStatus: Nested mountpoint 
2026-09-21T08:59:47.1559199+00:00 ContainerStatus: Nested mountpoint 
2026-09-21T08:59:47.1849183+00:00 ContainerStatus: Nested mountpoint 
2026-09-21T08:59:47.2356950+00:00 ContainerStatus: State: Starting, Action: CreatingContainer, LastError: ContainerStartupFailure, LastErrorTimestamp: 09/21/2026 08:45:06, LastErrorDetails: The container did not complete startup successfully. Please inspect your container logs for more details., Details: Finished pulling container image and mounting volumes for breast-cancer-classfication-system_main. Allocatinng the rest of the container resources to finish container creation., DetailsLevel: INFO
2026-09-21T08:59:47.2357085+00:00 ContainerStatus: State: Starting, Action: CreatingContainer, LastError: ContainerStartupFailure, LastErrorTimestamp: 09/21/2026 08:45:06, LastErrorDetails: The container did not complete startup successfully. Please inspect your container logs for more details., Details: Finished pulling container image and mounting volumes for breast-cancer-classfication-system_main. Allocatinng the rest of the container resources to finish container creation., DetailsLevel: INFO
2026-09-21T08:59:47.2357787+00:00 ContainerStatus: Creating container.
2026-09-21T08:59:47.2949701+00:00 ContainerStatus: Creating pipes for streaming container io.
2026-09-21T08:59:47.2953514+00:00 ContainerStatus: Creating stdout named pipe at /podr/container/pipe/763a88986185_breast-cancer-classfication-system_main/stdout_481a4e91bd58428a9c84524717eb6cf3.
2026-09-21T08:59:47.3047171+00:00 ContainerStatus: Successfully created stdout named pipe at: /podr/container/pipe/763a88986185_breast-cancer-classfication-system_main/stdout_481a4e91bd58428a9c84524717eb6cf3.
2026-09-21T08:59:47.3048978+00:00 ContainerStatus: Opening named pipe /podr/container/pipe/763a88986185_breast-cancer-classfication-system_main/stdout_481a4e91bd58428a9c84524717eb6cf3 for reading in non-blocking mode.
2026-09-21T08:59:47.3050337+00:00 ContainerStatus: Successfully opened named pipe: /podr/container/pipe/763a88986185_breast-cancer-classfication-system_main/stdout_481a4e91bd58428a9c84524717eb6cf3.
2026-09-21T08:59:47.3051099+00:00 ContainerStatus: Successfully removed non-blocking flag from /podr/container/pipe/763a88986185_breast-cancer-classfication-system_main/stdout_481a4e91bd58428a9c84524717eb6cf3.
2026-09-21T08:59:47.3062473+00:00 ContainerStatus: Creating stderr named pipe at /podr/container/pipe/763a88986185_breast-cancer-classfication-system_main/stderr_568793b0791141e7ab05b018d8d464e8.
2026-09-21T08:59:47.3152156+00:00 ContainerStatus: Successfully created stderr named pipe at: /podr/container/pipe/763a88986185_breast-cancer-classfication-system_main/stderr_568793b0791141e7ab05b018d8d464e8.
2026-09-21T08:59:47.3153365+00:00 ContainerStatus: Opening named pipe /podr/container/pipe/763a88986185_breast-cancer-classfication-system_main/stderr_568793b0791141e7ab05b018d8d464e8 for reading in non-blocking mode.
2026-09-21T08:59:47.3154262+00:00 ContainerStatus: Successfully opened named pipe: /podr/container/pipe/763a88986185_breast-cancer-classfication-system_main/stderr_568793b0791141e7ab05b018d8d464e8.
2026-09-21T08:59:47.3159183+00:00 ContainerStatus: Successfully removed non-blocking flag from /podr/container/pipe/763a88986185_breast-cancer-classfication-system_main/stderr_568793b0791141e7ab05b018d8d464e8.
2026-09-21T08:59:47.3162912+00:00 ContainerStatus: Creating container with image: kamalhussain611/breast-cancer-app:901d0f26ce0a514039ee4a74f9a03c8d19489c53 from registry: docker.io and fully qualified image name: docker.io/kamalhussain611/breast-cancer-app:901d0f26ce0a514039ee4a74f9a03c8d19489c53
2026-09-21T08:59:47.3954471+00:00 ContainerStatus: Container is starting.
2026-09-21T08:59:47.3954992+00:00 ContainerStatus: State: Starting, Action: MountingVolumes, LastError: ContainerStartupFailure, LastErrorTimestamp: 09/21/2026 08:45:06, LastErrorDetails: The container did not complete startup successfully. Please inspect your container logs for more details., Details: Mounting volumes for breast-cancer-classfication-system_mysql., DetailsLevel: INFO
2026-09-21T08:59:47.3955022+00:00 ContainerStatus: State: Starting, Action: MountingVolumes, LastError: ContainerStartupFailure, LastErrorTimestamp: 09/21/2026 08:45:06, LastErrorDetails: The container did not complete startup successfully. Please inspect your container logs for more details., Details: Mounting volumes for breast-cancer-classfication-system_mysql., DetailsLevel: INFO
2026-09-21T08:59:47.3955365+00:00 ContainerStatus: Establishing user namespace if not established already.
2026-09-21T08:59:47.3955703+00:00 ContainerStatus: Establishing network if not established already.
2026-09-21T08:59:47.3956192+00:00 ContainerStatus: Mounting volumes.
2026-09-21T08:59:47.3956753+00:00 ContainerStatus: Nested mountpoint 
2026-09-21T08:59:47.4156130+00:00 ContainerStatus: Nested mountpoint 
2026-09-21T08:59:47.4175232+00:00 ContainerStatus: State: Starting, Action: CreatingContainer, LastError: ContainerStartupFailure, LastErrorTimestamp: 09/21/2026 08:45:06, LastErrorDetails: The container did not complete startup successfully. Please inspect your container logs for more details., Details: Finished pulling container image and mounting volumes for breast-cancer-classfication-system_mysql. Allocatinng the rest of the container resources to finish container creation., DetailsLevel: INFO
2026-09-21T08:59:47.4175302+00:00 ContainerStatus: State: Starting, Action: CreatingContainer, LastError: ContainerStartupFailure, LastErrorTimestamp: 09/21/2026 08:45:06, LastErrorDetails: The container did not complete startup successfully. Please inspect your container logs for more details., Details: Finished pulling container image and mounting volumes for breast-cancer-classfication-system_mysql. Allocatinng the rest of the container resources to finish container creation., DetailsLevel: INFO
2026-09-21T08:59:47.4177490+00:00 ContainerStatus: Creating container.
2026-09-21T08:59:47.4776748+00:00 ContainerStatus: Creating pipes for streaming container io.
2026-09-21T08:59:47.4777987+00:00 ContainerStatus: Creating stdout named pipe at /podr/container/pipe/0fd198d08395_breast-cancer-classfication-system_mysql/stdout_f8f3975516a94a00b09b27f6c7dfcbbc.
2026-09-21T08:59:47.4868198+00:00 ContainerStatus: Successfully created stdout named pipe at: /podr/container/pipe/0fd198d08395_breast-cancer-classfication-system_mysql/stdout_f8f3975516a94a00b09b27f6c7dfcbbc.
2026-09-21T08:59:47.4868699+00:00 ContainerStatus: Opening named pipe /podr/container/pipe/0fd198d08395_breast-cancer-classfication-system_mysql/stdout_f8f3975516a94a00b09b27f6c7dfcbbc for reading in non-blocking mode.
2026-09-21T08:59:47.4869180+00:00 ContainerStatus: Successfully opened named pipe: /podr/container/pipe/0fd198d08395_breast-cancer-classfication-system_mysql/stdout_f8f3975516a94a00b09b27f6c7dfcbbc.
2026-09-21T08:59:47.4869533+00:00 ContainerStatus: Successfully removed non-blocking flag from /podr/container/pipe/0fd198d08395_breast-cancer-classfication-system_mysql/stdout_f8f3975516a94a00b09b27f6c7dfcbbc.
2026-09-21T08:59:47.4870218+00:00 ContainerStatus: Creating stderr named pipe at /podr/container/pipe/0fd198d08395_breast-cancer-classfication-system_mysql/stderr_d43c5f9ddded4f1189052af40cec72af.
2026-09-21T08:59:47.4870854+00:00 ContainerStatus: Successfully created stderr named pipe at: /podr/container/pipe/0fd198d08395_breast-cancer-classfication-system_mysql/stderr_d43c5f9ddded4f1189052af40cec72af.
2026-09-21T08:59:47.4871196+00:00 ContainerStatus: Opening named pipe /podr/container/pipe/0fd198d08395_breast-cancer-classfication-system_mysql/stderr_d43c5f9ddded4f1189052af40cec72af for reading in non-blocking mode.
2026-09-21T08:59:47.4871658+00:00 ContainerStatus: Successfully opened named pipe: /podr/container/pipe/0fd198d08395_breast-cancer-classfication-system_mysql/stderr_d43c5f9ddded4f1189052af40cec72af.
2026-09-21T08:59:47.4871981+00:00 ContainerStatus: Successfully removed non-blocking flag from /podr/container/pipe/0fd198d08395_breast-cancer-classfication-system_mysql/stderr_d43c5f9ddded4f1189052af40cec72af.
2026-09-21T08:59:47.4872491+00:00 ContainerStatus: Creating container with image: docker.io/library/mysql:8.0 from registry: docker.io and fully qualified image name: docker.io/library/mysql:8.0
2026-09-21T08:59:48.3950995+00:00 ContainerStatus: Starting container: 763a88986185_breast-cancer-classfication-system_main.
2026-09-21T08:59:48.4155514+00:00 ContainerStatus: Starting container: 0fd198d08395_breast-cancer-classfication-system_mysql.
2026-09-21T08:59:48.5357351+00:00 ContainerStatus: Starting watchers and probes.
2026-09-21T08:59:48.5358985+00:00 ContainerStatus: Starting metrics collection.
2026-09-21T08:59:48.5452095+00:00 ContainerStatus: Container is running.
2026-09-21T08:59:48.5453126+00:00 ContainerStatus: State: Starting, Action: CreatingContainer, LastError: ContainerStartupFailure, LastErrorTimestamp: 09/21/2026 08:45:06, LastErrorDetails: The container did not complete startup successfully. Please inspect your container logs for more details., Details: Container breast-cancer-classfication-system_main successfully created and is running., DetailsLevel: INFO
2026-09-21T08:59:48.5453148+00:00 ContainerStatus: State: Starting, Action: CreatingContainer, LastError: ContainerStartupFailure, LastErrorTimestamp: 09/21/2026 08:45:06, LastErrorDetails: The container did not complete startup successfully. Please inspect your container logs for more details., Details: Container breast-cancer-classfication-system_main successfully created and is running., DetailsLevel: INFO
2026-09-21T08:59:48.5559459+00:00 ContainerStatus: Starting watchers and probes.
2026-09-21T08:59:48.5575408+00:00 ContainerStatus: Starting metrics collection.
2026-09-21T08:59:48.5652066+00:00 ContainerStatus: Container is running.
2026-09-21T08:59:48.5654513+00:00 ContainerStatus: State: Starting, Action: CreatingContainer, LastError: ContainerStartupFailure, LastErrorTimestamp: 09/21/2026 08:45:06, LastErrorDetails: The container did not complete startup successfully. Please inspect your container logs for more details., Details: Container breast-cancer-classfication-system_mysql successfully created and is running., DetailsLevel: INFO
2026-09-21T08:59:48.5654583+00:00 ContainerStatus: State: Starting, Action: CreatingContainer, LastError: ContainerStartupFailure, LastErrorTimestamp: 09/21/2026 08:45:06, LastErrorDetails: The container did not complete startup successfully. Please inspect your container logs for more details., Details: Container breast-cancer-classfication-system_mysql successfully created and is running., DetailsLevel: INFO
2026-09-21T08:59:48.6660941+00:00 ContainerStatus: Container start method finished after 4344 ms.
2026-09-21T08:59:48.6969867+00:00 ContainerStatus: Container start method finished after 4383 ms.
2026-09-21T08:59:48.6971576+00:00 ContainerStatus: State: Starting, Action: InitiatingSiteWarmUpProbe, LastError: ContainerStartupFailure, LastErrorTimestamp: 09/21/2026 08:45:06, LastErrorDetails: The container did not complete startup successfully. Please inspect your container logs for more details., Details: Container breast-cancer-classfication-system_mysql successfully created and is running., DetailsLevel: INFO
2026-09-21T08:59:48.6971608+00:00 ContainerStatus: State: Starting, Action: InitiatingSiteWarmUpProbe, LastError: ContainerStartupFailure, LastErrorTimestamp: 09/21/2026 08:45:06, LastErrorDetails: The container did not complete startup successfully. Please inspect your container logs for more details., Details: Container breast-cancer-classfication-system_mysql successfully created and is running., DetailsLevel: INFO
2026-09-21T08:59:48.6972021+00:00 ContainerStatus: State: Starting, Action: WaitingForSiteWarmUpProbeSuccess, LastError: ContainerStartupFailure, LastErrorTimestamp: 09/21/2026 08:45:06, LastErrorDetails: The container did not complete startup successfully. Please inspect your container logs for more details., Details: Pinging warmup path to ensure container is ready to receive requests., DetailsLevel: INFO
2026-09-21T08:59:48.6972038+00:00 ContainerStatus: State: Starting, Action: WaitingForSiteWarmUpProbeSuccess, LastError: ContainerStartupFailure, LastErrorTimestamp: 09/21/2026 08:45:06, LastErrorDetails: The container did not complete startup successfully. Please inspect your container logs for more details., Details: Pinging warmup path to ensure container is ready to receive requests., DetailsLevel: INFO
2026-09-21T08:59:48.9663591+00:00 ContainerStream: 2026-09-21 08:59:48+00:00 [Note] [Entrypoint]: Entrypoint script for MySQL Server 8.0.46-1.el9 started.
2026-09-21T08:59:51.8432833+00:00 ContainerStream: 2026-09-21 08:59:51+00:00 [Note] [Entrypoint]: Switching to dedicated user 'mysql'
2026-09-21T08:59:51.9445588+00:00 ContainerStream: 2026-09-21 08:59:51+00:00 [Note] [Entrypoint]: Entrypoint script for MySQL Server 8.0.46-1.el9 started.
2026-09-21T08:59:53.4424312+00:00 ContainerStream: 2026-09-21 08:59:53+00:00 [Note] [Entrypoint]: Initializing database files
2026-09-21T08:59:53.5629773+00:00 ContainerStream: 2026-09-21T08:59:53.544169Z 0 [Warning] [MY-011068] [Server] The syntax '--skip-host-cache' is deprecated and will be removed in a future release. Please use SET GLOBAL host_cache_size=0 instead.
2026-09-21T08:59:53.5630016+00:00 ContainerStream: 2026-09-21T08:59:53.544754Z 0 [System] [MY-013169] [Server] /usr/sbin/mysqld (mysqld 8.0.46) initializing of server in progress as process 78
2026-09-21T08:59:53.6044102+00:00 ContainerStream: [2026-09-21 08:59:53 +0000] [1] [INFO] Starting gunicorn 23.0.0
2026-09-21T08:59:53.6052731+00:00 ContainerStream: [2026-09-21 08:59:53 +0000] [1] [INFO] Listening at: http://0.0.0.0:5000 (1)
2026-09-21T08:59:53.6052858+00:00 ContainerStream: [2026-09-21 08:59:53 +0000] [1] [INFO] Using worker: sync
2026-09-21T08:59:53.6360712+00:00 ContainerStream: [2026-09-21 08:59:53 +0000] [7] [INFO] Booting worker with pid: 7
2026-09-21T08:59:53.7042793+00:00 ContainerStream: 2026-09-21T08:59:53.704167Z 1 [System] [MY-013576] [InnoDB] InnoDB initialization has started.
2026-09-21T08:59:56.1300447+00:00 ContainerStream: 2026-09-21T08:59:56.129915Z 1 [System] [MY-013577] [InnoDB] InnoDB initialization has ended.
2026-09-21T08:59:57.4483463+00:00 ContainerStatus: Site startup probe succeeded after 8.7094643 seconds.
2026-09-21T08:59:57.4483643+00:00 ContainerStatus: Site startup probe succeeded after 8.7094643 seconds.
2026-09-21T08:59:57.6974068+00:00 ContainerStatus: State: Starting, Action: WarmUpProbeSucceeded, LastError: ContainerStartupFailure, LastErrorTimestamp: 09/21/2026 08:45:06, LastErrorDetails: The container did not complete startup successfully. Please inspect your container logs for more details., Details: Site startup probe succeeded after 8.7094643 seconds., DetailsLevel: INFO
2026-09-21T08:59:57.6974343+00:00 ContainerStatus: State: Starting, Action: WarmUpProbeSucceeded, LastError: ContainerStartupFailure, LastErrorTimestamp: 09/21/2026 08:45:06, LastErrorDetails: The container did not complete startup successfully. Please inspect your container logs for more details., Details: Site startup probe succeeded after 8.7094643 seconds., DetailsLevel: INFO
2026-09-21T08:59:58.8759822+00:00 ContainerStatus: Site is running with deployment version: 901d0f26ce0a514039ee4a74f9a03c8d19489c531789855416455
2026-09-21T08:59:58.8760037+00:00 ContainerStatus: Site is running with deployment version: 901d0f26ce0a514039ee4a74f9a03c8d19489c531789855416455
2026-09-21T08:59:58.8943941+00:00 ContainerStatus: Site started.
2026-09-21T08:59:58.8944046+00:00 ContainerStatus: Site started.
2026-09-21T08:59:58.8948132+00:00 ContainerStatus: State: Started, Action: None, LastError: ContainerStartupFailure, LastErrorTimestamp: 09/21/2026 08:45:06, LastErrorDetails: The container did not complete startup successfully. Please inspect your container logs for more details., Details: Site started at 09/21/2026 08:59:58 (UTC), DetailsLevel: INFO
2026-09-21T08:59:58.8948196+00:00 ContainerStatus: State: Started, Action: None, LastError: ContainerStartupFailure, LastErrorTimestamp: 09/21/2026 08:45:06, LastErrorDetails: The container did not complete startup successfully. Please inspect your container logs for more details., Details: Site started at 09/21/2026 08:59:58 (UTC), DetailsLevel: INFO
2026-09-21T08:59:47.4868699+00:00 ContainerStatus: Opening named pipe /podr/container/pipe/0fd198d08395_breast-cancer-classfication-system_mysql/stdout_f8f3975516a94a00b09b27f6c7dfcbbc for reading in non-blocking mode.
2026-09-21T08:59:47.4869180+00:00 ContainerStatus: Successfully opened named pipe: /podr/container/pipe/0fd198d08395_breast-cancer-classfication-system_mysql/stdout_f8f3975516a94a00b09b27f6c7dfcbbc.
2026-09-21T08:59:47.4869533+00:00 ContainerStatus: Successfully removed non-blocking flag from /podr/container/pipe/0fd198d08395_breast-cancer-classfication-system_mysql/stdout_f8f3975516a94a00b09b27f6c7dfcbbc.
2026-09-21T08:59:47.4870218+00:00 ContainerStatus: Creating stderr named pipe at /podr/container/pipe/0fd198d08395_breast-cancer-classfication-system_mysql/stderr_d43c5f9ddded4f1189052af40cec72af.
2026-09-21T08:59:47.4870854+00:00 ContainerStatus: Successfully created stderr named pipe at: /podr/container/pipe/0fd198d08395_breast-cancer-classfication-system_mysql/stderr_d43c5f9ddded4f1189052af40cec72af.
2026-09-21T08:59:47.4871196+00:00 ContainerStatus: Opening named pipe /podr/container/pipe/0fd198d08395_breast-cancer-classfication-system_mysql/stderr_d43c5f9ddded4f1189052af40cec72af for reading in non-blocking mode.
2026-09-21T08:59:47.4871658+00:00 ContainerStatus: Successfully opened named pipe: /podr/container/pipe/0fd198d08395_breast-cancer-classfication-system_mysql/stderr_d43c5f9ddded4f1189052af40cec72af.
2026-09-21T08:59:47.4871981+00:00 ContainerStatus: Successfully removed non-blocking flag from /podr/container/pipe/0fd198d08395_breast-cancer-classfication-system_mysql/stderr_d43c5f9ddded4f1189052af40cec72af.
2026-09-21T08:59:47.4872491+00:00 ContainerStatus: Creating container with image: docker.io/library/mysql:8.0 from registry: docker.io and fully qualified image name: docker.io/library/mysql:8.0
2026-09-21T08:59:48.3950995+00:00 ContainerStatus: Starting container: 763a88986185_breast-cancer-classfication-system_main.
2026-09-21T08:59:48.4155514+00:00 ContainerStatus: Starting container: 0fd198d08395_breast-cancer-classfication-system_mysql.
2026-09-21T08:59:48.5357351+00:00 ContainerStatus: Starting watchers and probes.
2026-09-21T08:59:48.5358985+00:00 ContainerStatus: Starting metrics collection.
2026-09-21T08:59:48.5452095+00:00 ContainerStatus: Container is running.
2026-09-21T08:59:48.5453126+00:00 ContainerStatus: State: Starting, Action: CreatingContainer, LastError: ContainerStartupFailure, LastErrorTimestamp: 09/21/2026 08:45:06, LastErrorDetails: The container did not complete startup successfully. Please inspect your container logs for more details., Details: Container breast-cancer-classfication-system_main successfully created and is running., DetailsLevel: INFO
2026-09-21T08:59:48.5453148+00:00 ContainerStatus: State: Starting, Action: CreatingContainer, LastError: ContainerStartupFailure, LastErrorTimestamp: 09/21/2026 08:45:06, LastErrorDetails: The container did not complete startup successfully. Please inspect your container logs for more details., Details: Container breast-cancer-classfication-system_main successfully created and is running., DetailsLevel: INFO
2026-09-21T08:59:48.5559459+00:00 ContainerStatus: Starting watchers and probes.
2026-09-21T08:59:48.5575408+00:00 ContainerStatus: Starting metrics collection.
2026-09-21T08:59:48.5652066+00:00 ContainerStatus: Container is running.
2026-09-21T08:59:48.5654513+00:00 ContainerStatus: State: Starting, Action: CreatingContainer, LastError: ContainerStartupFailure, LastErrorTimestamp: 09/21/2026 08:45:06, LastErrorDetails: The container did not complete startup successfully. Please inspect your container logs for more details., Details: Container breast-cancer-classfication-system_mysql successfully created and is running., DetailsLevel: INFO
2026-09-21T08:59:48.5654583+00:00 ContainerStatus: State: Starting, Action: CreatingContainer, LastError: ContainerStartupFailure, LastErrorTimestamp: 09/21/2026 08:45:06, LastErrorDetails: The container did not complete startup successfully. Please inspect your container logs for more details., Details: Container breast-cancer-classfication-system_mysql successfully created and is running., DetailsLevel: INFO
2026-09-21T08:59:48.6660941+00:00 ContainerStatus: Container start method finished after 4344 ms.
2026-09-21T08:59:48.6969867+00:00 ContainerStatus: Container start method finished after 4383 ms.
2026-09-21T08:59:48.6971576+00:00 ContainerStatus: State: Starting, Action: InitiatingSiteWarmUpProbe, LastError: ContainerStartupFailure, LastErrorTimestamp: 09/21/2026 08:45:06, LastErrorDetails: The container did not complete startup successfully. Please inspect your container logs for more details., Details: Container breast-cancer-classfication-system_mysql successfully created and is running., DetailsLevel: INFO
2026-09-21T08:59:48.6971608+00:00 ContainerStatus: State: Starting, Action: InitiatingSiteWarmUpProbe, LastError: ContainerStartupFailure, LastErrorTimestamp: 09/21/2026 08:45:06, LastErrorDetails: The container did not complete startup successfully. Please inspect your container logs for more details., Details: Container breast-cancer-classfication-system_mysql successfully created and is running., DetailsLevel: INFO
2026-09-21T08:59:48.6972021+00:00 ContainerStatus: State: Starting, Action: WaitingForSiteWarmUpProbeSuccess, LastError: ContainerStartupFailure, LastErrorTimestamp: 09/21/2026 08:45:06, LastErrorDetails: The container did not complete startup successfully. Please inspect your container logs for more details., Details: Pinging warmup path to ensure container is ready to receive requests., DetailsLevel: INFO
2026-09-21T08:59:48.6972038+00:00 ContainerStatus: State: Starting, Action: WaitingForSiteWarmUpProbeSuccess, LastError: ContainerStartupFailure, LastErrorTimestamp: 09/21/2026 08:45:06, LastErrorDetails: The container did not complete startup successfully. Please inspect your container logs for more details., Details: Pinging warmup path to ensure container is ready to receive requests., DetailsLevel: INFO
2026-09-21T08:59:48.9663591+00:00 ContainerStream: 2026-09-21 08:59:48+00:00 [Note] [Entrypoint]: Entrypoint script for MySQL Server 8.0.46-1.el9 started.
2026-09-21T08:59:51.8432833+00:00 ContainerStream: 2026-09-21 08:59:51+00:00 [Note] [Entrypoint]: Switching to dedicated user 'mysql'
2026-09-21T08:59:51.9445588+00:00 ContainerStream: 2026-09-21 08:59:51+00:00 [Note] [Entrypoint]: Entrypoint script for MySQL Server 8.0.46-1.el9 started.
2026-09-21T08:59:53.4424312+00:00 ContainerStream: 2026-09-21 08:59:53+00:00 [Note] [Entrypoint]: Initializing database files
2026-09-21T08:59:53.5629773+00:00 ContainerStream: 2026-09-21T08:59:53.544169Z 0 [Warning] [MY-011068] [Server] The syntax '--skip-host-cache' is deprecated and will be removed in a future release. Please use SET GLOBAL host_cache_size=0 instead.
2026-09-21T08:59:53.5630016+00:00 ContainerStream: 2026-09-21T08:59:53.544754Z 0 [System] [MY-013169] [Server] /usr/sbin/mysqld (mysqld 8.0.46) initializing of server in progress as process 78
2026-09-21T08:59:53.6044102+00:00 ContainerStream: [2026-09-21 08:59:53 +0000] [1] [INFO] Starting gunicorn 23.0.0
2026-09-21T08:59:53.6052731+00:00 ContainerStream: [2026-09-21 08:59:53 +0000] [1] [INFO] Listening at: http://0.0.0.0:5000 (1)
2026-09-21T08:59:53.6052858+00:00 ContainerStream: [2026-09-21 08:59:53 +0000] [1] [INFO] Using worker: sync
2026-09-21T08:59:53.6360712+00:00 ContainerStream: [2026-09-21 08:59:53 +0000] [7] [INFO] Booting worker with pid: 7
2026-09-21T08:59:53.7042793+00:00 ContainerStream: 2026-09-21T08:59:53.704167Z 1 [System] [MY-013576] [InnoDB] InnoDB initialization has started.
2026-09-21T08:59:56.1300447+00:00 ContainerStream: 2026-09-21T08:59:56.129915Z 1 [System] [MY-013577] [InnoDB] InnoDB initialization has ended.
2026-09-21T08:59:57.4483463+00:00 ContainerStatus: Site startup probe succeeded after 8.7094643 seconds.
2026-09-21T08:59:57.4483643+00:00 ContainerStatus: Site startup probe succeeded after 8.7094643 seconds.
2026-09-21T08:59:57.6974068+00:00 ContainerStatus: State: Starting, Action: WarmUpProbeSucceeded, LastError: ContainerStartupFailure, LastErrorTimestamp: 09/21/2026 08:45:06, LastErrorDetails: The container did not complete startup successfully. Please inspect your container logs for more details., Details: Site startup probe succeeded after 8.7094643 seconds., DetailsLevel: INFO
2026-09-21T08:59:57.6974343+00:00 ContainerStatus: State: Starting, Action: WarmUpProbeSucceeded, LastError: ContainerStartupFailure, LastErrorTimestamp: 09/21/2026 08:45:06, LastErrorDetails: The container did not complete startup successfully. Please inspect your container logs for more details., Details: Site startup probe succeeded after 8.7094643 seconds., DetailsLevel: INFO
2026-09-21T08:59:58.8759822+00:00 ContainerStatus: Site is running with deployment version: 901d0f26ce0a514039ee4a74f9a03c8d19489c531789855416455
2026-09-21T08:59:58.8760037+00:00 ContainerStatus: Site is running with deployment version: 901d0f26ce0a514039ee4a74f9a03c8d19489c531789855416455
2026-09-21T08:59:58.8943941+00:00 ContainerStatus: Site started.
2026-09-21T08:59:58.8944046+00:00 ContainerStatus: Site started.
2026-09-21T08:59:58.8948132+00:00 ContainerStatus: State: Started, Action: None, LastError: ContainerStartupFailure, LastErrorTimestamp: 09/21/2026 08:45:06, LastErrorDetails: The container did not complete startup successfully. Please inspect your container logs for more details., Details: Site started at 09/21/2026 08:59:58 (UTC), DetailsLevel: INFO
2026-09-21T08:59:58.8948196+00:00 ContainerStatus: State: Started, Action: None, LastError: ContainerStartupFailure, LastErrorTimestamp: 09/21/2026 08:45:06, LastErrorDetails: The container did not complete startup successfully. Please inspect your container logs for more details., Details: Site started at 09/21/2026 08:59:58 (UTC), DetailsLevel: INFO
